
> react-example@0.0.0 build
> vite build && esbuild server.ts --bundle --platform=node --format=cjs --packages=external --sourcemap --outfile=dist/server.cjs

vite v6.4.2 building for production...
transforming...
✓ 3815 modules transformed.
Circular chunk: vendor-core -> vendor-react -> vendor-core. Please adjust the manual chunk logic for these chunks.
rendering chunks...
[plugin vite:reporter] 
(!) /app/applet/src/services/authService.ts is dynamically imported by /app/applet/src/components/Sidebar.tsx but also statically imported by /app/applet/src/contexts/AuthContext.tsx, /app/applet/src/views/auth/ForgotPasswordView.tsx, /app/applet/src/views/auth/LoginView.tsx, /app/applet/src/views/auth/RegisterView.tsx, /app/applet/src/views/auth/VerifyEmailView.tsx, /app/applet/src/views/profile/ProfileHubView.tsx, dynamic import will not move module into another chunk.

[plugin vite:reporter] 
(!) /app/applet/src/lib/bunnyUpload.ts is dynamically imported by /app/applet/src/components/instructor/course-content/ContentManager.tsx but also statically imported by /app/applet/src/views/instructor/InstructorCourseCreate.tsx, dynamic import will not move module into another chunk.

computing gzip size...
dist/manifest.webmanifest                          0.48 kB
dist/index.html                                    1.07 kB │ gzip:   0.47 kB
dist/assets/index-CiiUgFgb.css                   222.50 kB │ gzip:  29.46 kB
dist/assets/Skeleton-DWxESN09.js                   0.32 kB │ gzip:   0.26 kB
dist/assets/StudentCourseRedirect-D92u0BCo.js      0.89 kB │ gzip:   0.48 kB
dist/assets/firebaseErrors-D7uJ2oMz.js             0.95 kB │ gzip:   0.48 kB
dist/assets/ProfileRedirect-CCozc7Hy.js            1.21 kB │ gzip:   0.52 kB
dist/assets/TopAppBar-B_K_dOTw.js                  1.70 kB │ gzip:   0.66 kB
dist/assets/cloudflareUpload-DDj3zVVI.js           1.81 kB │ gzip:   1.02 kB
dist/assets/profileService-Dk4_DQZD.js             1.93 kB │ gzip:   0.84 kB
dist/assets/InviteRedirectView-CgPlAiql.js         1.98 kB │ gzip:   0.85 kB
dist/assets/r2Upload-ctGXs1WT.js                   2.12 kB │ gzip:   0.99 kB
dist/assets/useCatalogClient-B3CpN0SG.js           2.25 kB │ gzip:   0.95 kB
dist/assets/LegalView-2kQLjo3P.js                  2.46 kB │ gzip:   0.97 kB
dist/assets/BottomSheet-DafeZA7C.js                2.62 kB │ gzip:   0.89 kB
dist/assets/ReferralCaptureView-6aqkyB7e.js        4.10 kB │ gzip:   1.41 kB
dist/assets/VerifyEmailView-COEOSZE8.js            4.66 kB │ gzip:   1.34 kB
dist/assets/AdminCatalogView-DCHTjarP.js           5.00 kB │ gzip:   1.09 kB
dist/assets/LoginView-Djd4JDOX.js                  6.20 kB │ gzip:   1.48 kB
dist/assets/ForgotPasswordView-B6EuSTmL.js         6.43 kB │ gzip:   1.52 kB
dist/assets/FeaturesGrid-BAcjEOWN.js               6.80 kB │ gzip:   1.44 kB
dist/assets/RegisterView-C-W_ytrX.js               7.14 kB │ gzip:   1.52 kB
dist/assets/VerificationView-BAdk1kNc.js           7.58 kB │ gzip:   1.64 kB
dist/assets/PricingCard-C0Y9f3rC.js                9.27 kB │ gzip:   1.73 kB
dist/assets/ProfileHubView-C-8L3UWI.js             9.68 kB │ gzip:   2.10 kB
dist/assets/Notifications-CWXp469O.js              9.74 kB │ gzip:   2.47 kB
dist/assets/OfflineDownloads-DXZ4mg0L.js           9.77 kB │ gzip:   2.34 kB
dist/assets/WishlistView-CnW2Z6cO.js               9.89 kB │ gzip:   2.67 kB
dist/assets/Courses-DGIbukZN.js                    9.98 kB │ gzip:   2.77 kB
dist/assets/AdminMonitoring-Cx1zgsoZ.js           10.04 kB │ gzip:   2.26 kB
dist/assets/TrustSection-o0vyKhsG.js              10.10 kB │ gzip:   1.84 kB
dist/assets/StudentSquadDetails-Dam3nzCs.js       10.44 kB │ gzip:   3.09 kB
dist/assets/MathiasTutor-BwwmVyEy.js              10.54 kB │ gzip:   2.67 kB
dist/assets/Account-RquDY2se.js                   10.65 kB │ gzip:   2.31 kB
dist/assets/Assignments-sjnjAsYH.js               10.88 kB │ gzip:   2.75 kB
dist/assets/Certificates-CAc_4Ch1.js              10.92 kB │ gzip:   2.59 kB
dist/assets/EbookMarket-CrKJtc4q.js               11.17 kB │ gzip:   2.89 kB
dist/assets/CatalogView-_2oxV_ht.js               11.19 kB │ gzip:   2.29 kB
dist/assets/Quiz-BGAetFe_.js                      11.25 kB │ gzip:   3.16 kB
dist/assets/TemplateMarket-DEz4FBm_.js            11.31 kB │ gzip:   2.91 kB
dist/assets/Support-1kef0lxT.js                   11.62 kB │ gzip:   2.94 kB
dist/assets/AdminModeration-CrHFvoGe.js           11.81 kB │ gzip:   2.59 kB
dist/assets/Results-CIgm4r9N.js                   12.95 kB │ gzip:   3.31 kB
dist/assets/LeaderboardView-CxJImkLW.js           13.28 kB │ gzip:   3.01 kB
dist/assets/Payments-c-lgdzid.js                  13.95 kB │ gzip:   2.99 kB
dist/assets/CourseDetailView-BOE8o_Kw.js          14.28 kB │ gzip:   2.57 kB
dist/assets/AdminInstructors-DZuWSZuN.js          14.63 kB │ gzip:   3.10 kB
dist/assets/Directory-BhinEWxw.js                 14.76 kB │ gzip:   3.39 kB
dist/assets/AdminDashboard-DlJYlvBB.js            15.07 kB │ gzip:   2.76 kB
dist/assets/Search-CvrDE_Yn.js                    15.57 kB │ gzip:   3.73 kB
dist/assets/Cart-Bpk1TAj-.js                      16.00 kB │ gzip:   3.29 kB
dist/assets/AdminLayout-CLyxpr-4.js               16.64 kB │ gzip:   3.78 kB
dist/assets/AdminAiConfig-CoKEkce5.js             18.75 kB │ gzip:   3.58 kB
dist/assets/StudentSquads-vtNU2_IK.js             18.78 kB │ gzip:   4.19 kB
dist/assets/EditProfileView-DKUqedEE.js           19.59 kB │ gzip:   2.99 kB
dist/assets/AdminSecurity-zBYQOHM5.js             20.91 kB │ gzip:   4.13 kB
dist/assets/AdminSquads-CAYdhF_-.js               20.99 kB │ gzip:   4.05 kB
dist/assets/AdminMarketControl--CcL86L8.js        21.14 kB │ gzip:   3.48 kB
dist/assets/AssignmentDetail-UPspbtCV.js          23.41 kB │ gzip:   4.92 kB
dist/assets/Checkout-BS4-7s_U.js                  24.72 kB │ gzip:   5.11 kB
dist/assets/Bourse-ZiFwPWvV.js                    24.78 kB │ gzip:   4.49 kB
dist/assets/Dashboard-RW2sz4-s.js                 24.86 kB │ gzip:   4.63 kB
dist/assets/AccountSettingsView-Brkf29Ix.js       25.69 kB │ gzip:   3.69 kB
dist/assets/AdminInterface-DV5An8km.js            27.30 kB │ gzip:   4.72 kB
dist/assets/AdminMembers-by98Vo5V.js              27.50 kB │ gzip:   5.57 kB
dist/assets/Ambassador-B6BdKQw0.js                27.58 kB │ gzip:   5.56 kB
dist/assets/LandingPage-BvBKxqeX.js               27.59 kB │ gzip:   4.72 kB
dist/assets/InstructorPublicProfile-BizJuA_h.js   28.54 kB │ gzip:   4.81 kB
dist/assets/CourseDetail-BKCzMc-O.js              29.31 kB │ gzip:   5.46 kB
dist/assets/AdminMarketing-CkxhYZLJ.js            31.08 kB │ gzip:   5.04 kB
dist/assets/vendor-framer-BBECObCP.js             34.37 kB │ gzip:  12.03 kB
dist/assets/MarketSection-BJT1QgeE.js             34.91 kB │ gzip:   6.79 kB
dist/assets/EbookDetail-DqkfpFJh.js               35.64 kB │ gzip:   6.14 kB
dist/assets/AdminSupport-ChKU1VSF.js              36.78 kB │ gzip:   6.28 kB
dist/assets/CoursePlayer-DZ4HvSy_.js              36.94 kB │ gzip:   7.91 kB
dist/assets/UniversalPlayground-DhPpPwdr.js       38.08 kB │ gzip:   8.24 kB
dist/assets/BourseLicenseDetail-CjxDD0PW.js       43.24 kB │ gzip:   6.42 kB
dist/assets/AdminSettings-lbt7kNe1.js             44.71 kB │ gzip:   8.85 kB
dist/assets/Wallet-DcICBjt-.js                    51.15 kB │ gzip:   9.46 kB
dist/assets/Messages-BzmeATeE.js                  51.43 kB │ gzip:  10.42 kB
dist/assets/AdminTransactions-PyfIurSo.js         52.48 kB │ gzip:   7.51 kB
dist/assets/index-B1CTsgVZ.js                     79.11 kB │ gzip:  15.42 kB
dist/assets/InstructorLayout--k1_4fGF.js         455.68 kB │ gzip:  67.55 kB
dist/assets/vendor-react-nXQrSY3q.js             509.22 kB │ gzip: 147.42 kB
dist/assets/vendor-firebase-C51VXa56.js          661.80 kB │ gzip: 155.78 kB
dist/assets/vendor-core-CZ5bjjIB.js              966.81 kB │ gzip: 259.98 kB

(!) Some chunks are larger than 500 kB after minification. Consider:
- Using dynamic import() to code-split the application
- Use build.rollupOptions.output.manualChunks to improve chunking: https://rollupjs.org/configuration-options/#output-manualchunks
- Adjust chunk size limit for this warning via build.chunkSizeWarningLimit.
✓ built in 16.29s

PWA v1.3.0
Building src/sw.ts service worker ("es" format)...
vite v6.4.2 building for production...
transforming...
✓ 82 modules transformed.
rendering chunks...
computing gzip size...
dist/sw.mjs  49.44 kB │ gzip: 15.64 kB
✓ built in 400ms

PWA v1.3.0
mode      injectManifest
format:   es
precache  102 entries (4256.86 KiB)
files generated
  dist/sw.js

  dist/server.cjs      109.0kb
  dist/server.cjs.map  198.7kb

⚡ Done in 25ms
